Microchip MPLAB XC8 Compiler V2.35

Linker command line:

-W-3 --edf=/Applications/microchip/xc8/v2.35/pic/dat/en_msgs.txt -cn \
  -h+dist/default/debug/PIC18F45K50_USB_UART.X.debug.sym \
  --cmf=dist/default/debug/PIC18F45K50_USB_UART.X.debug.cmf -z -Q18F45K50 \
  -o/tmp/xcM2mwr8b --defsym=__MPLAB_BUILD=1 \
  -Mdist/default/debug/PIC18F45K50_USB_UART.X.debug.map \
  --md=/tmp/xc0hyiPqY.dat -E1 -ver=XC8 Compiler --acfsm=1493 \
  -ACODE=00h-07FFFh -ACONST=00h-07FFFh -ASMALLCONST=0800h-08FFhx120 \
  -AMEDIUMCONST=0800h-07FFFh -ACOMRAM=01h-05Fh -AABS1=00h-07FFh \
  -ABIGRAM=01h-07FFh -ARAM=060h-0FFh,0100h-01FFhx7 -ABANK0=060h-0FFh \
  -ABANK1=0100h-01FFh -ABANK2=0200h-02FFh -ABANK3=0300h-03FFh \
  -ABANK4=0400h-04FFh -ABANK5=0500h-05FFh -ABANK6=0600h-06FFh \
  -ABANK7=0700h-07FFh -ASFR=0F53h-0F5Fh,0F60h-0FFCh -ABIGSFR=0F53h-0FFCh \
  -ACONFIG=0300000h-030000Dh -AIDLOC=0200000h-0200007h \
  -AEEDATA=0F00000h-0F000FFh -peeprom_data=EEDATA \
  -preset_vec=00h,intcode=08h,intcodelo,powerup,init -pramtop=0800h \
  -psmallconst=SMALLCONST -pmediumconst=MEDIUMCONST -pconst=CONST \
  -AFARRAM=00h-00h \
  -prdata=COMRAM,nvrram=COMRAM,nvbit=COMRAM,rbss=COMRAM,rbit=COMRAM \
  -pfarbss=FARRAM,fardata=FARRAM,nvFARRAM=FARRAM \
  -pintsave_regs=BIGRAM,bigbss=BIGRAM,bigdata=BIGRAM -pbss=RAM \
  -pidata=CODE,irdata=CODE,ibigdata=CODE,ifardata=CODE -prparam=COMRAM \
  /tmp/xccFYBEKT.o dist/default/debug/PIC18F45K50_USB_UART.X.debug.o 

Object code version is 3.11

Machine type is 18F45K50



                Name                               Link     Load   Length Selector   Space Scale
/tmp/xccFYBEKT.o
                idloc                            200000   200000        8        0       5
                config                           300000   300000        E        0       4
                init                                 9C       9C        4        4       0
                reset_vec                             0        0        6        0       0
dist/default/debug/PIC18F45K50_USB_UART.X.debug.o
                intcode                               8        8       94        4       0
                idloc                            200000   200000        8        0       5
                config                           300000   300000        E        0       4
                temp                                 55       55        1        1       1
                smallconst                          800      800       D6      400       0
                text51                             24A4     24A4      110      46B       0
                text50                             27CE     27CE      10A      46B       0
                text49                             28D8     28D8       F2      46B       0
                text48                             1E78     1E78      144      46B       0
                text47                             3028     3028       74      46B       0
                text46                             2E64     2E64       AC      46B       0
                text45                             32D4     32D4       4C      46B       0
                text44                             2240     2240      13E      46B       0
                text43                             310C     310C       64      46B       0
                text42                             26C2     26C2      10C      46B       0
                text41                             2FA0     2FA0       88      46B       0
                text40                              8D6      8D6      35C      46B       0
                text39                             1906     1906      174      46B       0
                text38                             25B4     25B4      10E      46B       0
                text37                             1790     1790      176      46B       0
                text36                             29CA     29CA       EA      46B       0
                text35                             237E     237E      126      46B       0
                text34                             2D02     2D02       B4      46B       0
                text33                             20FE     20FE      142      46B       0
                text32                             2F10     2F10       90      46B       0
                text31                             3284     3284       50      46B       0
                text30                             2C4A     2C4A       B8      46B       0
                text29                             34A6     34A6       34      46B       0
                text28                             31D2     31D2       60      46B       0
                text27                             350C     350C       2E      46B       0
                text26                             33EC     33EC       42      46B       0
                text25                             1D2C     1D2C      14C      46B       0
                text24                              F16      F16      228      46B       0
                text22                             1FBC     1FBC      142      46B       0
                text21                             12F6     12F6      198      46B       0
                text20                             3570     3570        4      46B       0
                text19                             353A     353A       20      46B       0
                text18                             342E     342E       3E      46B       0
                text17                             33AA     33AA       42      46B       0
                text16                             1618     1618      178      46B       0
                text15                             1BE0     1BE0      14C      46B       0
                text14                             355A     355A       16      46B       0
                text13                             309C     309C       70      46B       0
                text12                             148E     148E      18A      46B       0
                text11                             1A7A     1A7A      166      46B       0
                text10                             3368     3368       42      46B       0
                text9                              3574     3574        2      46B       0
                text8                              2AB4     2AB4       CC      46B       0
                text7                              3320     3320       48      46B       0
                text6                              346C     346C       3A      46B       0
                text5                              2B80     2B80       CA      46B       0
                text4                               C32      C32      2E4      46B       0
                text3                              113E     113E      1B8      46B       0
                text2                              3170     3170       62      46B       0
                text1                              3232     3232       52      46B       0
                text0                              2DB6     2DB6       AE      46B       0
                cstackCOMRAM                          1        1       2B        1       1
                cstackBANK0                          60       60       6B       60       1
                cstackBANK1                         161      161       15      100       1
                bssBANK1                            100      100       61      100       1
                bssBANK0                             CB       CB       2A       60       1
                bssCOMRAM                            2C       2C       29        1       1
                cinit                              34DA     34DA       32      46B       0

TOTAL           Name                               Link     Load   Length     Space
        CLASS   CODE           
                intcode                               8        8       94         0
                init                                 9C       9C        4         0
                reset_vec                             0        0        6         0
                text51                             24A4     24A4      110         0
                text50                             27CE     27CE      10A         0
                text49                             28D8     28D8       F2         0
                text48                             1E78     1E78      144         0
                text47                             3028     3028       74         0
                text46                             2E64     2E64       AC         0
                text45                             32D4     32D4       4C         0
                text44                             2240     2240      13E         0
                text43                             310C     310C       64         0
                text42                             26C2     26C2      10C         0
                text41                             2FA0     2FA0       88         0
                text40                              8D6      8D6      35C         0
                text39                             1906     1906      174         0
                text38                             25B4     25B4      10E         0
                text37                             1790     1790      176         0
                text36                             29CA     29CA       EA         0
                text35                             237E     237E      126         0
                text34                             2D02     2D02       B4         0
                text33                             20FE     20FE      142         0
                text32                             2F10     2F10       90         0
                text31                             3284     3284       50         0
                text30                             2C4A     2C4A       B8         0
                text29                             34A6     34A6       34         0
                text28                             31D2     31D2       60         0
                text27                             350C     350C       2E         0
                text26                             33EC     33EC       42         0
                text25                             1D2C     1D2C      14C         0
                text24                              F16      F16      228         0
                text22                             1FBC     1FBC      142         0
                text21                             12F6     12F6      198         0
                text20                             3570     3570        4         0
                text19                             353A     353A       20         0
                text18                             342E     342E       3E         0
                text17                             33AA     33AA       42         0
                text16                             1618     1618      178         0
                text15                             1BE0     1BE0      14C         0
                text14                             355A     355A       16         0
                text13                             309C     309C       70         0
                text12                             148E     148E      18A         0
                text11                             1A7A     1A7A      166         0
                text10                             3368     3368       42         0
                text9                              3574     3574        2         0
                text8                              2AB4     2AB4       CC         0
                text7                              3320     3320       48         0
                text6                              346C     346C       3A         0
                text5                              2B80     2B80       CA         0
                text4                               C32      C32      2E4         0
                text3                              113E     113E      1B8         0
                text2                              3170     3170       62         0
                text1                              3232     3232       52         0
                text0                              2DB6     2DB6       AE         0
                cinit                              34DA     34DA       32         0

        CLASS   CONST          

        CLASS   SMALLCONST     
                smallconst                          800      800       D6         0

        CLASS   MEDIUMCONST    

        CLASS   COMRAM         
                temp                                 55       55        1         1
                cstackCOMRAM                          1        1       2B         1
                bssCOMRAM                            2C       2C       29         1

        CLASS   ABS1           
                abs_s1                              400      400       40         1
                abs_s1                              500      500       80         1

        CLASS   BIGRAM         

        CLASS   RAM            

        CLASS   BANK0          
                cstackBANK0                          60       60       6B         1
                bssBANK0                             CB       CB       2A         1

        CLASS   BANK1          
                cstackBANK1                         161      161       15         1
                bssBANK1                            100      100       61         1

        CLASS   BANK2          

        CLASS   BANK3          

        CLASS   BANK4          

        CLASS   BANK5          

        CLASS   BANK6          

        CLASS   BANK7          

        CLASS   SFR            

        CLASS   BIGSFR         

        CLASS   CONFIG         
                config                           300000   300000        E         4

        CLASS   IDLOC          
                idloc                            200000   200000        8         5

        CLASS   EEDATA         

        CLASS   FARRAM         

        CLASS   HEAP           

        CLASS   STACK          



SEGMENTS        Name                           Load    Length   Top    Selector   Space  Class

                bssBANK1                       000100  000076  000176       100       1  BANK1   
                cstackBANK0                    000060  000095  0000F5        60       1  BANK0   
                text40                         0008D6  002CA0  003576       46B       0  CODE    
                cstackCOMRAM                   000001  000055  000056         1       1  COMRAM  
                reset_vec                      000000  000006  000006         0       0  CODE    
                intcode                        000008  000098  0000A0         4       0  CODE    
                smallconst                     000800  0000D6  0008D6       400       0  SMALLCON


UNUSED ADDRESS RANGES

        Name                Unused          Largest block    Delta
        BANK0            0000F5-0000FF                B
        BANK1            000176-0001FF               8A
        BANK2            000200-0002FF              100
        BANK3            000300-0003FF              100
        BANK4            000440-0004FF               C0
        BANK5            000580-0005FF               80
        BANK6            000600-0006FF              100
        BANK7            000700-0007FF              100
        BIGRAM           000056-00005F                A
                         0000F5-0000FF                B
                         000176-0003FF              28A
                         000440-0004FF               C0
                         000580-0007FF              280
        BIGSFR           000F53-000FFC               AA
        CODE             000006-000007                2
                         0000A0-0007FF              760
                         003576-007FFF             4A8A
        COMRAM           000056-00005F                A
        CONST            000006-000007                2
                         0000A0-0007FF              760
                         003576-007FFF             4A8A
        EEDATA           F00000-F000FF              100
        MEDIUMCONST      003576-007FFF             4A8A
        RAM              0000F5-0000FF                B
                         000176-0003FF              100
                         000440-0004FF               C0
                         000580-0007FF              100
        SFR              000F53-000FFC                D
        SMALLCONST       003576-007FFF              100

                                  Symbol Table

?_USBTransferOnePacket                            cstackBANK0  000060
?___aodiv                                         cstackBANK0  000060
?___aomod                                         cstackBANK0  000060
?_abs                                             cstackBANK0  000072
?_dtoa                                            cstackBANK0  00007B
?_pad                                             cstackBANK0  000070
?_sprintf                                         cstackBANK0  0000B7
?_strlen                                          cstackBANK0  000060
?_vfpfcnvrt                                       cstackBANK0  00009F
?_vfprintf                                        cstackBANK0  0000AF
?i2_USBTransferOnePacket                          cstackCOMRAM 000001
CDCTxService@byte_to_send                         cstackBANK0  00006C
CDCTxService@i                                    cstackBANK0  00006B
USBConfigureEndpoint@EPNum                        cstackCOMRAM 000006
USBConfigureEndpoint@direction                    cstackCOMRAM 000001
USBConfigureEndpoint@handle                       cstackCOMRAM 000007
USBCtrlTrfInHandler@lastDTS                       cstackCOMRAM 000002
USBCtrlTrfRxService@byteToRead                    cstackCOMRAM 000002
USBCtrlTrfRxService@i                             cstackCOMRAM 000001
USBCtrlTrfTxService@byteToSend                    cstackCOMRAM 000001
USBDeviceInit@i                                   cstackBANK0  00006C
USBDeviceTasks@i                                  cstackCOMRAM 00001F
USBEnableEndpoint@ep                              cstackCOMRAM 00000C
USBEnableEndpoint@options                         cstackCOMRAM 000009
USBEnableEndpoint@p                               cstackCOMRAM 00000A
USBStdFeatureReqHandler@current_ep_data           cstackCOMRAM 000019
USBStdFeatureReqHandler@p                         cstackCOMRAM 00001A
USBStdFeatureReqHandler@pUEP                      cstackCOMRAM 000017
USBStdGetStatusHandler@p                          cstackCOMRAM 000003
USBStdSetCfgHandler@i                             cstackCOMRAM 000015
USBTransferOnePacket@data                         cstackBANK0  000061
USBTransferOnePacket@dir                          cstackBANK0  000060
USBTransferOnePacket@ep                           cstackBANK0  000068
USBTransferOnePacket@handle                       cstackBANK0  000069
USBTransferOnePacket@len                          cstackBANK0  000063
USER_USB_CALLBACK_EVENT_HANDLER@event             cstackCOMRAM 00000D
USER_USB_CALLBACK_EVENT_HANDLER@pdata             cstackCOMRAM 00000F
USER_USB_CALLBACK_EVENT_HANDLER@size              cstackCOMRAM 000011
_ACTCON                                           (abs)        000FB5
_ANSELA                                           (abs)        000F5B
_ANSELB                                           (abs)        000F5C
_ANSELC                                           (abs)        000F5D
_ANSELD                                           (abs)        000F5E
_ANSELE                                           (abs)        000F5F
_BDT                                              (abs)        000400
_BaudRateGen                                      bssBANK1     00012E
_BothEP0OutUOWNsSet                               bssCOMRAM    00004B
_CDCDataInHandle                                  bssBANK0     0000EF
_CDCDataOutHandle                                 bssCOMRAM    00003A
_CDCInitEP                                        text43       00310C
_CDCTxService                                     text21       0012F6
_CtrlTrfData                                      (abs)        000438
_I2C1_CallbackReturnReset                         (abs)        000000
_I2C1_CallbackReturnStop                          (abs)        000000
_I2C1_DO_ADDRESS_NACK                             (abs)        000000
_I2C1_DO_IDLE                                     (abs)        000000
_I2C1_DO_RCEN                                     (abs)        000000
_I2C1_DO_RESET                                    (abs)        000000
_I2C1_DO_RX                                       (abs)        000000
_I2C1_DO_RX_ACK                                   (abs)        000000
_I2C1_DO_RX_NACK_RESTART                          (abs)        000000
_I2C1_DO_RX_NACK_STOP                             (abs)        000000
_I2C1_DO_SEND_ADR_READ                            (abs)        000000
_I2C1_DO_SEND_ADR_WRITE                           (abs)        000000
_I2C1_DO_SEND_RESTART                             (abs)        000000
_I2C1_DO_SEND_RESTART_READ                        (abs)        000000
_I2C1_DO_SEND_RESTART_WRITE                       (abs)        000000
_I2C1_DO_SEND_STOP                                (abs)        000000
_I2C1_DO_TX                                       (abs)        000000
_I2C1_DO_TX_EMPTY                                 (abs)        000000
_I2C1_Status                                      bssBANK1     000100
_INTCON2bits                                      (abs)        000FF1
_INTCONbits                                       (abs)        000FF2
_INTERRUPT_Initialize                             text20       003570
_INTERRUPT_InterruptManager                       intcode      000008
_IPR3bits                                         (abs)        000FA5
_LATA                                             (abs)        000F89
_LATB                                             (abs)        000F8A
_LATC                                             (abs)        000F8B
_LATD                                             (abs)        000F8C
_LATDbits                                         (abs)        000F8C
_LATE                                             (abs)        000F8D
_OSCCON                                           (abs)        000FD3
_OSCCON2                                          (abs)        000FD2
_OSCILLATOR_Initialize                            text19       00353A
_OSCTUNE                                          (abs)        000F9B
_PIE1bits                                         (abs)        000F9D
_PIE3bits                                         (abs)        000FA3
_PIN_MANAGER_Initialize                           text18       00342E
_PIR1bits                                         (abs)        000F9E
_PIR2bits                                         (abs)        000FA1
_PIR3bits                                         (abs)        000FA4
_PLLRDY                                           (abs)        007E97
_RCONbits                                         (abs)        000FD0
_RemoteWakeup                                     bssCOMRAM    00004D
_SSP1ADD                                          (abs)        000FC8
_SSP1BUF                                          (abs)        000FC9
_SSP1CON1                                         (abs)        000FC6
_SSP1CON1bits                                     (abs)        000FC6
_SSP1CON2                                         (abs)        000FC5
_SSP1CON2bits                                     (abs)        000FC5
_SSP1STAT                                         (abs)        000FC7
_SSP1STATbits                                     (abs)        000FC7
_SYSTEM_Initialize                                text14       00355A
_SetupPkt                                         (abs)        000430
_TRISA                                            (abs)        000F92
_TRISB                                            (abs)        000F93
_TRISC                                            (abs)        000F94
_TRISD                                            (abs)        000F95
_TRISE                                            (abs)        000F96
_UADDR                                            (abs)        000F63
_UCFG                                             (abs)        000F62
_UCON                                             (abs)        000F60
_UCONbits                                         (abs)        000F60
_UEIE                                             (abs)        000F66
_UEIR                                             (abs)        000F67
_UEP0                                             (abs)        000F6A
_UEP0bits                                         (abs)        000F6A
_UEP1                                             (abs)        000F6B
_UIE                                              (abs)        000F64
_UIEbits                                          (abs)        000F64
_UIR                                              (abs)        000F65
_UIRbits                                          (abs)        000F65
_USB1msTickCount                                  bssCOMRAM    00002C
_USBActiveConfiguration                           bssCOMRAM    000054
_USBAlternateInterface                            bssCOMRAM    000051
_USBBusIsSuspended                                bssBANK0     0000F4
_USBCheckCDCRequest                               text42       0026C2
_USBCheckStdRequest                               text35       00237E
_USBConfigureEndpoint                             text46       002E64
_USBCtrlEPAllowDataStage                          text34       002D02
_USBCtrlEPAllowStatusStage                        text49       0028D8
_USBCtrlEPService                                 text30       002C4A
_USBCtrlEPServiceComplete                         text33       0020FE
_USBCtrlTrfInHandler                              text50       0027CE
_USBCtrlTrfOutHandler                             text47       003028
_USBCtrlTrfRxService                              text48       001E78
_USBCtrlTrfSetupHandler                           text32       002F10
_USBCtrlTrfTxService                              text51       0024A4
_USBDeferINDataStagePackets                       bssCOMRAM    000046
_USBDeferOUTDataStagePackets                      bssCOMRAM    000045
_USBDeferStatusStagePacket                        bssCOMRAM    000049
_USBDeviceAttach                                  text17       0033AA
_USBDeviceInit                                    text15       001BE0
_USBDeviceState                                   bssCOMRAM    000050
_USBDeviceTasks                                   text24       000F16
_USBEnableEndpoint                                text45       0032D4
_USBIncrement1msInternalTimers                    text29       0034A6
_USBStallHandler                                  text28       0031D2
_USBStatusStageEnabledFlag1                       bssCOMRAM    000048
_USBStatusStageEnabledFlag2                       bssCOMRAM    000047
_USBStatusStageTimeoutCounter                     bssCOMRAM    00004A
_USBStdFeatureReqHandler                          text40       0008D6
_USBStdGetDscHandler                              text39       001906
_USBStdGetStatusHandler                           text38       0025B4
_USBStdSetCfgHandler                              text36       0029CA
_USBSuspend                                       text27       00350C
_USBTicksSinceSuspendEnd                          bssBANK0     0000F3
_USBTransferOnePacket                             text22       001FBC
_USBWakeFromSuspend                               text26       0033EC
_USB_CD_Ptr                                       smallconst   000827
_USB_SD_Ptr                                       smallconst   000821
_USER_USB_CALLBACK_EVENT_HANDLER                  text41       002FA0
_USTAT                                            (abs)        000F61
_USTATcopy                                        bssCOMRAM    000053
_WPUB                                             (abs)        000F85
__HRAM                                            (abs)        000000
__Habs1                                           abs1         000000
__Hbank0                                          bank0        000000
__Hbank1                                          bank1        000000
__Hbank2                                          bank2        000000
__Hbank3                                          bank3        000000
__Hbank4                                          bank4        000000
__Hbank5                                          bank5        000000
__Hbank6                                          bank6        000000
__Hbank7                                          bank7        000000
__Hbigbss                                         bigbss       000000
__Hbigdata                                        bigdata      000000
__Hbigram                                         bigram       000000
__Hbigsfr                                         bigsfr       000000
__Hbss                                            bss          000000
__HbssBANK0                                       bssBANK0     000000
__HbssBANK1                                       bssBANK1     000000
__HbssCOMRAM                                      bssCOMRAM    000000
__Hcinit                                          cinit        000000
__Hclrtext                                        clrtext      000000
__Hcomram                                         comram       000000
__Hconfig                                         config       30000E
__Hconst                                          const        000000
__HcstackBANK0                                    cstackBANK0  000000
__HcstackBANK1                                    cstackBANK1  000000
__HcstackCOMRAM                                   cstackCOMRAM 000000
__Hdata                                           data         000000
__Heeprom_data                                    eeprom_data  000000
__Hfarbss                                         farbss       000000
__Hfardata                                        fardata      000000
__Hheap                                           heap         000000
__Hibigdata                                       ibigdata     000000
__Hidata                                          idata        000000
__Hidloc                                          idloc        200008
__Hifardata                                       ifardata     000000
__Hinit                                           init         0000A0
__Hintcode                                        intcode      00009C
__Hintcode_body                                   intcode_body 000000
__Hintcodelo                                      intcodelo    00009C
__Hintentry                                       intentry     000000
__Hintret                                         intret       000000
__Hintsave_regs                                   intsave_regs 000000
__Hirdata                                         irdata       000000
__Hmediumconst                                    mediumconst  000000
__HnvFARRAM                                       nvFARRAM     000000
__Hnvbit                                          nvbit        000000
__Hnvrram                                         nvrram       000000
__Hparam                                          rparam       000000
__Hpowerup                                        powerup      00009C
__Hram                                            ram          000000
__Hramtop                                         ramtop       000800
__Hrbit                                           rbit         000000
__Hrbss                                           rbss         000000
__Hrdata                                          rdata        000000
__Hreset_vec                                      reset_vec    000006
__Hrparam                                         rparam       000000
__Hsfr                                            sfr          000000
__Hsmallconst                                     smallconst   0008D6
__Hspace_0                                        (abs)        003576
__Hspace_1                                        (abs)        000176
__Hspace_2                                        (abs)        000000
__Hspace_4                                        (abs)        60000E
__Hstack                                          stack        000000
__Hstruct                                         struct       000000
__Htemp                                           temp         000056
__Htext                                           text         000000
__Htext0                                          text0        000000
__Htext1                                          text1        000000
__Htext10                                         text10       000000
__Htext11                                         text11       000000
__Htext12                                         text12       000000
__Htext13                                         text13       000000
__Htext14                                         text14       000000
__Htext15                                         text15       000000
__Htext16                                         text16       000000
__Htext17                                         text17       000000
__Htext18                                         text18       000000
__Htext19                                         text19       000000
__Htext2                                          text2        000000
__Htext20                                         text20       000000
__Htext21                                         text21       000000
__Htext22                                         text22       000000
__Htext24                                         text24       000000
__Htext25                                         text25       000000
__Htext26                                         text26       000000
__Htext27                                         text27       000000
__Htext28                                         text28       000000
__Htext29                                         text29       000000
__Htext3                                          text3        000000
__Htext30                                         text30       000000
__Htext31                                         text31       000000
__Htext32                                         text32       000000
__Htext33                                         text33       000000
__Htext34                                         text34       000000
__Htext35                                         text35       000000
__Htext36                                         text36       000000
__Htext37                                         text37       000000
__Htext38                                         text38       000000
__Htext39                                         text39       000000
__Htext4                                          text4        000000
__Htext40                                         text40       000000
__Htext41                                         text41       000000
__Htext42                                         text42       000000
__Htext43                                         text43       000000
__Htext44                                         text44       000000
__Htext45                                         text45       000000
__Htext46                                         text46       000000
__Htext47                                         text47       000000
__Htext48                                         text48       000000
__Htext49                                         text49       000000
__Htext5                                          text5        000000
__Htext50                                         text50       000000
__Htext51                                         text51       000000
__Htext6                                          text6        000000
__Htext7                                          text7        000000
__Htext8                                          text8        000000
__Htext9                                          text9        000000
__LRAM                                            (abs)        000001
__Labs1                                           abs1         000000
__Lbank0                                          bank0        000000
__Lbank1                                          bank1        000000
__Lbank2                                          bank2        000000
__Lbank3                                          bank3        000000
__Lbank4                                          bank4        000000
__Lbank5                                          bank5        000000
__Lbank6                                          bank6        000000
__Lbank7                                          bank7        000000
__Lbigbss                                         bigbss       000000
__Lbigdata                                        bigdata      000000
__Lbigram                                         bigram       000000
__Lbigsfr                                         bigsfr       000000
__Lbss                                            bss          000000
__LbssBANK0                                       bssBANK0     000000
__LbssBANK1                                       bssBANK1     000000
__LbssCOMRAM                                      bssCOMRAM    000000
__Lcinit                                          cinit        000000
__Lclrtext                                        clrtext      000000
__Lcomram                                         comram       000000
__Lconfig                                         config       000000
__Lconst                                          const        000000
__LcstackBANK0                                    cstackBANK0  000000
__LcstackBANK1                                    cstackBANK1  000000
__LcstackCOMRAM                                   cstackCOMRAM 000000
__Ldata                                           data         000000
__Leeprom_data                                    eeprom_data  000000
__Lfarbss                                         farbss       000000
__Lfardata                                        fardata      000000
__Lheap                                           heap         000000
__Libigdata                                       ibigdata     000000
__Lidata                                          idata        000000
__Lidloc                                          idloc        000000
__Lifardata                                       ifardata     000000
__Linit                                           init         00009C
__Lintcode                                        intcode      000008
__Lintcode_body                                   intcode_body 000000
__Lintcodelo                                      intcodelo    00009C
__Lintentry                                       intentry     000000
__Lintret                                         intret       000000
__Lintsave_regs                                   intsave_regs 000000
__Lirdata                                         irdata       000000
__Lmediumconst                                    mediumconst  000000
__LnvFARRAM                                       nvFARRAM     000000
__Lnvbit                                          nvbit        000000
__Lnvrram                                         nvrram       000000
__Lparam                                          rparam       000000
__Lpowerup                                        powerup      00009C
__Lram                                            ram          000000
__Lramtop                                         ramtop       000800
__Lrbit                                           rbit         000000
__Lrbss                                           rbss         000000
__Lrdata                                          rdata        000000
__Lreset_vec                                      reset_vec    000000
__Lrparam                                         rparam       000000
__Lsfr                                            sfr          000000
__Lsmallconst                                     smallconst   000800
__Lspace_0                                        (abs)        000000
__Lspace_1                                        (abs)        000000
__Lspace_2                                        (abs)        000000
__Lspace_4                                        (abs)        000000
__Lstack                                          stack        000000
__Lstruct                                         struct       000000
__Ltemp                                           temp         000055
__Ltext                                           text         000000
__Ltext0                                          text0        000000
__Ltext1                                          text1        000000
__Ltext10                                         text10       000000
__Ltext11                                         text11       000000
__Ltext12                                         text12       000000
__Ltext13                                         text13       000000
__Ltext14                                         text14       000000
__Ltext15                                         text15       000000
__Ltext16                                         text16       000000
__Ltext17                                         text17       000000
__Ltext18                                         text18       000000
__Ltext19                                         text19       000000
__Ltext2                                          text2        000000
__Ltext20                                         text20       000000
__Ltext21                                         text21       000000
__Ltext22                                         text22       000000
__Ltext24                                         text24       000000
__Ltext25                                         text25       000000
__Ltext26                                         text26       000000
__Ltext27                                         text27       000000
__Ltext28                                         text28       000000
__Ltext29                                         text29       000000
__Ltext3                                          text3        000000
__Ltext30                                         text30       000000
__Ltext31                                         text31       000000
__Ltext32                                         text32       000000
__Ltext33                                         text33       000000
__Ltext34                                         text34       000000
__Ltext35                                         text35       000000
__Ltext36                                         text36       000000
__Ltext37                                         text37       000000
__Ltext38                                         text38       000000
__Ltext39                                         text39       000000
__Ltext4                                          text4        000000
__Ltext40                                         text40       000000
__Ltext41                                         text41       000000
__Ltext42                                         text42       000000
__Ltext43                                         text43       000000
__Ltext44                                         text44       000000
__Ltext45                                         text45       000000
__Ltext46                                         text46       000000
__Ltext47                                         text47       000000
__Ltext48                                         text48       000000
__Ltext49                                         text49       000000
__Ltext5                                          text5        000000
__Ltext50                                         text50       000000
__Ltext51                                         text51       000000
__Ltext6                                          text6        000000
__Ltext7                                          text7        000000
__Ltext8                                          text8        000000
__Ltext9                                          text9        000000
__S0                                              (abs)        003576
__S1                                              (abs)        000176
__S4                                              (abs)        000000
__S5                                              (abs)        000000
___aodiv                                          text12       00148E
___aodiv@counter                                  cstackBANK0  000070
___aodiv@dividend                                 cstackBANK0  000060
___aodiv@divisor                                  cstackBANK0  000068
___aodiv@quotient                                 cstackBANK0  000072
___aodiv@sign                                     cstackBANK0  000071
___aomod                                          text11       001A7A
___aomod@counter                                  cstackBANK0  000070
___aomod@dividend                                 cstackBANK0  000060
___aomod@divisor                                  cstackBANK0  000068
___aomod@sign                                     cstackBANK0  000071
___heap_hi                                        (abs)        000000
___heap_lo                                        (abs)        000000
___inthi_sp                                       stack        000000
___intlo_sp                                       stack        000000
___param_bank                                     (abs)        000000
___rparam_used                                    (abs)        000001
___sp                                             stack        000000
__accesstop                                       (abs)        000060
__activetblptr                                    (abs)        000002
__end_of_CDCInitEP                                text43       003170
__end_of_CDCTxService                             text21       00148E
__end_of_INTERRUPT_Initialize                     text20       003574
__end_of_INTERRUPT_InterruptManager               intcode      00009C
__end_of_OSCILLATOR_Initialize                    text19       00355A
__end_of_PIN_MANAGER_Initialize                   text18       00346C
__end_of_SYSTEM_Initialize                        text14       003570
__end_of_USBCheckCDCRequest                       text42       0027CE
__end_of_USBCheckStdRequest                       text35       0024A4
__end_of_USBConfigureEndpoint                     text46       002F10
__end_of_USBCtrlEPAllowDataStage                  text34       002DB6
__end_of_USBCtrlEPAllowStatusStage                text49       0029CA
__end_of_USBCtrlEPService                         text30       002D02
__end_of_USBCtrlEPServiceComplete                 text33       002240
__end_of_USBCtrlTrfInHandler                      text50       0028D8
__end_of_USBCtrlTrfOutHandler                     text47       00309C
__end_of_USBCtrlTrfRxService                      text48       001FBC
__end_of_USBCtrlTrfSetupHandler                   text32       002FA0
__end_of_USBCtrlTrfTxService                      text51       0025B4
__end_of_USBDeviceAttach                          text17       0033EC
__end_of_USBDeviceInit                            text15       001D2C
__end_of_USBDeviceTasks                           text24       00113E
__end_of_USBEnableEndpoint                        text45       003320
__end_of_USBIncrement1msInternalTimers            text29       0034DA
__end_of_USBStallHandler                          text28       003232
__end_of_USBStdFeatureReqHandler                  text40       000C32
__end_of_USBStdGetDscHandler                      text39       001A7A
__end_of_USBStdGetStatusHandler                   text38       0026C2
__end_of_USBStdSetCfgHandler                      text36       002AB4
__end_of_USBSuspend                               text27       00353A
__end_of_USBTransferOnePacket                     text22       0020FE
__end_of_USBWakeFromSuspend                       text26       00342E
__end_of_USB_CD_Ptr                               smallconst   000829
__end_of_USB_SD_Ptr                               smallconst   000827
__end_of_USER_USB_CALLBACK_EVENT_HANDLER          text41       003028
__end_of___aodiv                                  text12       001618
__end_of___aomod                                  text11       001BE0
__end_of__initialization                          cinit        0034FE
__end_of_abs                                      text10       0033AA
__end_of_configDescriptor1                        smallconst   00086C
__end_of_device_dsc                               smallconst   0008CC
__end_of_dtoa                                     text4        000F16
__end_of_fputc                                    text8        002B80
__end_of_fputs                                    text7        003368
__end_of_i2c1_fsmStateTable                       smallconst   000821
__end_of_main                                     text0        002E64
__end_of_memcpy                                   text31       0032D4
__end_of_memset                                   text16       001790
__end_of_pad                                      text5        002C4A
__end_of_putch                                    text9        003576
__end_of_putsUSBUSART                             text13       00310C
__end_of_sd000                                    smallconst   0008D0
__end_of_sd001                                    smallconst   0008A0
__end_of_sd002                                    smallconst   0008BA
__end_of_sprintf                                  text1        003284
__end_of_strlen                                   text6        0034A6
__end_of_vfpfcnvrt                                text3        0012F6
__end_of_vfprintf                                 text2        0031D2
__end_ofi2_USBDeviceInit                          text25       001E78
__end_ofi2_USBTransferOnePacket                   text44       00237E
__end_ofi2_memset                                 text37       001906
__initialization                                  cinit        0034DA
__mediumconst                                     mediumconst  000000
__pbssBANK0                                       bssBANK0     0000CB
__pbssBANK1                                       bssBANK1     000100
__pbssCOMRAM                                      bssCOMRAM    00002C
__pcinit                                          cinit        0034DA
__pcstackBANK0                                    cstackBANK0  000060
__pcstackBANK1                                    cstackBANK1  000161
__pcstackCOMRAM                                   cstackCOMRAM 000001
__pintcode                                        intcode      000008
__psmallconst                                     smallconst   000800
__ptext0                                          text0        002DB6
__ptext1                                          text1        003232
__ptext10                                         text10       003368
__ptext11                                         text11       001A7A
__ptext12                                         text12       00148E
__ptext13                                         text13       00309C
__ptext14                                         text14       00355A
__ptext15                                         text15       001BE0
__ptext16                                         text16       001618
__ptext17                                         text17       0033AA
__ptext18                                         text18       00342E
__ptext19                                         text19       00353A
__ptext2                                          text2        003170
__ptext20                                         text20       003570
__ptext21                                         text21       0012F6
__ptext22                                         text22       001FBC
__ptext24                                         text24       000F16
__ptext25                                         text25       001D2C
__ptext26                                         text26       0033EC
__ptext27                                         text27       00350C
__ptext28                                         text28       0031D2
__ptext29                                         text29       0034A6
__ptext3                                          text3        00113E
__ptext30                                         text30       002C4A
__ptext31                                         text31       003284
__ptext32                                         text32       002F10
__ptext33                                         text33       0020FE
__ptext34                                         text34       002D02
__ptext35                                         text35       00237E
__ptext36                                         text36       0029CA
__ptext37                                         text37       001790
__ptext38                                         text38       0025B4
__ptext39                                         text39       001906
__ptext4                                          text4        000C32
__ptext40                                         text40       0008D6
__ptext41                                         text41       002FA0
__ptext42                                         text42       0026C2
__ptext43                                         text43       00310C
__ptext44                                         text44       002240
__ptext45                                         text45       0032D4
__ptext46                                         text46       002E64
__ptext47                                         text47       003028
__ptext48                                         text48       001E78
__ptext49                                         text49       0028D8
__ptext5                                          text5        002B80
__ptext50                                         text50       0027CE
__ptext51                                         text51       0024A4
__ptext6                                          text6        00346C
__ptext7                                          text7        003320
__ptext8                                          text8        002AB4
__ptext9                                          text9        003574
__ramtop                                          ramtop       000800
__smallconst                                      smallconst   000800
_abs                                              text10       003368
_cdc_data_rx                                      (abs)        000540
_cdc_data_tx                                      (abs)        000500
_cdc_mem_type                                     bssBANK0     0000F1
_cdc_notice                                       bssBANK1     000124
_cdc_rx_len                                       bssCOMRAM    000044
_cdc_trf_state                                    bssCOMRAM    000043
_cdc_tx_len                                       bssBANK0     0000F2
_configDescriptor1                                smallconst   000829
_controlTransferState                             bssCOMRAM    00004E
_control_signal_bitmap                            bssCOMRAM    000042
_dbuf                                             bssBANK1     000132
_device_dsc                                       smallconst   0008BA
_dtoa                                             text4        000C32
_dtoa$4163                                        cstackBANK0  00008D
_dummy_encapsulated_cmd_response                  bssBANK1     000152
_endpoint_number                                  bssCOMRAM    00004C
_ep_data_in                                       bssBANK0     0000E8
_ep_data_out                                      bssBANK0     0000E5
_flags                                            bssBANK0     0000ED
_fputc                                            text8        002AB4
_fputs                                            text7        003320
_i2c1_fsmStateTable                               smallconst   000801
_inPipes                                          bssBANK0     0000D3
_line_coding                                      bssBANK1     00015A
_main                                             text0        002DB6
_memcpy                                           text31       003284
_memset                                           text16       001618
_nout                                             bssCOMRAM    000036
_outPipes                                         bssBANK0     0000CB
_pBDTEntryEP0OutCurrent                           bssCOMRAM    000040
_pBDTEntryEP0OutNext                              bssCOMRAM    00003E
_pBDTEntryIn                                      bssBANK0     0000D9
_pBDTEntryOut                                     bssBANK0     0000DF
_pCDCDst                                          bssCOMRAM    000030
_pCDCSrc                                          bssCOMRAM    000033
_pDst                                             bssCOMRAM    00003C
_pad                                              text5        002B80
_prec                                             bssBANK0     0000EB
_putch                                            text9        003574
_putsUSBUSART                                     text13       00309C
_rd1RegCompleteHandler                            (abs)        000000
_rd1RegCompleteHandler@i2c1_master_example$F145   (abs)        000000
_rd2RegCompleteHandler                            (abs)        000000
_rd2RegCompleteHandler@i2c1_master_example$F156   (abs)        000000
_rdBlkRegCompleteHandler                          (abs)        000000
_rdBlkRegCompleteHandler@i2c1_master_example$F179 (abs)        000000
_sd000                                            smallconst   0008CC
_sd001                                            smallconst   00086C
_sd002                                            smallconst   0008A0
_shortPacketStatus                                bssCOMRAM    00004F
_sprintf                                          text1        003232
_strlen                                           text6        00346C
_vfpfcnvrt                                        text3        00113E
_vfprintf                                         text2        003170
_width                                            bssCOMRAM    000038
_wr1RegCompleteHandler                            (abs)        000000
_wr1RegCompleteHandler@i2c1_master_example$F162   (abs)        000000
_wr2RegCompleteHandler                            (abs)        000000
_wr2RegCompleteHandler@i2c1_master_example$F168   (abs)        000000
abs@a                                             cstackBANK0  000072
btemp                                             temp         000055
dtoa@d                                            cstackBANK0  00007D
dtoa@fp                                           cstackBANK0  00007B
dtoa@i                                            cstackBANK0  00009D
dtoa@n                                            cstackBANK0  000095
dtoa@p                                            cstackBANK0  00008F
dtoa@s                                            cstackBANK0  000093
dtoa@w                                            cstackBANK0  000091
end_of_initialization                             cinit        0034FE
fputc@c                                           cstackBANK0  000060
fputc@fp                                          cstackBANK0  000062
fputs@c                                           cstackBANK0  00006D
fputs@fp                                          cstackBANK0  00006B
fputs@i                                           cstackBANK0  00006E
fputs@s                                           cstackBANK0  000069
i2USBDeviceInit@i                                 cstackCOMRAM 00000D
i2USBTransferOnePacket@data                       cstackCOMRAM 000002
i2USBTransferOnePacket@dir                        cstackCOMRAM 000001
i2USBTransferOnePacket@ep                         cstackCOMRAM 000009
i2USBTransferOnePacket@handle                     cstackCOMRAM 00000A
i2USBTransferOnePacket@len                        cstackCOMRAM 000004
i2_USBDeviceInit                                  text25       001D2C
i2_USBTransferOnePacket                           text44       002240
i2_memset                                         text37       001790
i2memset@c                                        cstackCOMRAM 000003
i2memset@dest                                     cstackCOMRAM 000001
i2memset@k                                        cstackCOMRAM 000009
i2memset@n                                        cstackCOMRAM 000005
i2memset@s                                        cstackCOMRAM 00000B
int$flags                                         temp         000055
intlevel0                                         text         000000
intlevel1                                         text         000000
intlevel2                                         text         000000
intlevel3                                         text         000000
isa$std                                           (abs)        000001
isa$xinst                                         (abs)        000000
main@counter                                      cstackBANK1  000175
main@data2                                        cstackBANK1  000161
memcpy@d                                          cstackCOMRAM 000007
memcpy@d1                                         cstackCOMRAM 000001
memcpy@n                                          cstackCOMRAM 000005
memcpy@s                                          cstackCOMRAM 000009
memcpy@s1                                         cstackCOMRAM 000003
memcpy@tmp                                        cstackCOMRAM 00000B
memset@c                                          cstackBANK0  000062
memset@dest                                       cstackBANK0  000060
memset@k                                          cstackBANK0  000068
memset@n                                          cstackBANK0  000064
memset@s                                          cstackBANK0  00006A
pad@buf                                           cstackBANK0  000072
pad@fp                                            cstackBANK0  000070
pad@i                                             cstackBANK0  000077
pad@p                                             cstackBANK0  000074
pad@w                                             cstackBANK0  000079
putsUSBUSART@data                                 cstackBANK0  000060
putsUSBUSART@len                                  cstackBANK0  000064
putsUSBUSART@pData                                cstackBANK0  000062
sprintf@ap                                        cstackBANK0  0000BD
sprintf@f                                         cstackBANK0  0000BF
sprintf@fmt                                       cstackBANK0  0000B9
sprintf@s                                         cstackBANK0  0000B7
stackhi                                           (abs)        000000
stacklo                                           (abs)        000000
start                                             init         00009C
start_initialization                              cinit        0034DA
strlen@a                                          cstackBANK0  000062
strlen@s                                          cstackBANK0  000060
ttemp5                                            temp         000056
ttemp6                                            temp         000059
ttemp7                                            temp         00005D
vfpfcnvrt@ap                                      cstackBANK0  0000A3
vfpfcnvrt@fmt                                     cstackBANK0  0000A1
vfpfcnvrt@fp                                      cstackBANK0  00009F
vfpfcnvrt@ll                                      cstackBANK0  0000A7
vfprintf@ap                                       cstackBANK0  0000B3
vfprintf@cfmt                                     cstackBANK0  0000B5
vfprintf@fmt                                      cstackBANK0  0000B1
vfprintf@fp                                       cstackBANK0  0000AF
wtemp8                                            temp         000056


MODULE INFORMATION

Module		Function		Class		Link	Load	Size
/Applications/microchip/xc8/v2.35/pic/sources/c99/common/aodiv.c
		___aodiv       		CODE           	148E	0000	394

/Applications/microchip/xc8/v2.35/pic/sources/c99/common/aodiv.c estimated size: 394

/Applications/microchip/xc8/v2.35/pic/sources/c99/common/nf_fputs.c
		_fputs         		CODE           	3320	0000	72

/Applications/microchip/xc8/v2.35/pic/sources/c99/common/nf_fputs.c estimated size: 72

/Applications/microchip/xc8/v2.35/pic/sources/c99/common/abs.c
		_abs           		CODE           	3368	0000	66

/Applications/microchip/xc8/v2.35/pic/sources/c99/common/abs.c estimated size: 66

/Applications/microchip/xc8/v2.35/pic/sources/c99/common/doprnt.c
		_vfpfcnvrt     		CODE           	113E	0000	440
		_pad           		CODE           	2B80	0000	202
		_dtoa          		CODE           	0C32	0000	740
		_vfprintf      		CODE           	3170	0000	98

/Applications/microchip/xc8/v2.35/pic/sources/c99/common/doprnt.c estimated size: 1480

/Applications/microchip/xc8/v2.35/pic/sources/c99/common/memcpy.c
		_memcpy        		CODE           	3284	0000	80

/Applications/microchip/xc8/v2.35/pic/sources/c99/common/memcpy.c estimated size: 80

mcc_generated_files/interrupt_manager.c
		_INTERRUPT_Initialize		CODE           	3570	0000	4
		_INTERRUPT_InterruptManager		CODE           	0008	0000	148

mcc_generated_files/interrupt_manager.c estimated size: 152

mcc_generated_files/pin_manager.c
		_PIN_MANAGER_Initialize		CODE           	342E	0000	62

mcc_generated_files/pin_manager.c estimated size: 62

mcc_generated_files/usb/usb_device_cdc.c
		_CDCTxService  		CODE           	12F6	0000	408
		_CDCInitEP     		CODE           	310C	0000	100
		_putsUSBUSART  		CODE           	309C	0000	112
		_USBCheckCDCRequest		CODE           	26C2	0000	268

mcc_generated_files/usb/usb_device_cdc.c estimated size: 888

/Applications/microchip/xc8/v2.35/pic/sources/c99/common/nf_fputc.c
		_fputc         		CODE           	2AB4	0000	204

/Applications/microchip/xc8/v2.35/pic/sources/c99/common/nf_fputc.c estimated size: 204

/Applications/microchip/xc8/v2.35/pic/sources/c99/common/putch.c
		_putch         		CODE           	3574	0000	2

/Applications/microchip/xc8/v2.35/pic/sources/c99/common/putch.c estimated size: 2

shared
		_configDescriptor1		SMALLCONST     	0829	0000	67
		_USB_CD_Ptr    		SMALLCONST     	0827	0000	2
		_sd001         		SMALLCONST     	086C	0000	52
		_sd002         		SMALLCONST     	08A0	0000	26
		i2_USBDeviceInit		CODE           	1D2C	0000	332
		__initialization		CODE           	34DA	0000	36
		_device_dsc    		SMALLCONST     	08BA	0000	18
		_i2c1_fsmStateTable		SMALLCONST     	0801	0000	32
		_USB_SD_Ptr    		SMALLCONST     	0821	0000	6
		i2_memset      		CODE           	1790	0000	374
		_sd000         		SMALLCONST     	08CC	0000	4
		i2_USBTransferOnePacket		CODE           	2240	0000	318

shared estimated size: 1267

/Applications/microchip/xc8/v2.35/pic/sources/c99/common/nf_sprintf.c
		_sprintf       		CODE           	3232	0000	82

/Applications/microchip/xc8/v2.35/pic/sources/c99/common/nf_sprintf.c estimated size: 82

mcc_generated_files/usb/usb_device_events.c
		_USER_USB_CALLBACK_EVENT_HANDLER		CODE           	2FA0	0000	136

mcc_generated_files/usb/usb_device_events.c estimated size: 136

mcc_generated_files/mcc.c
		_OSCILLATOR_Initialize		CODE           	353A	0000	32
		_SYSTEM_Initialize		CODE           	355A	0000	22

mcc_generated_files/mcc.c estimated size: 54

/Applications/microchip/xc8/v2.35/pic/sources/c99/common/aomod.c
		___aomod       		CODE           	1A7A	0000	358

/Applications/microchip/xc8/v2.35/pic/sources/c99/common/aomod.c estimated size: 358

/Applications/microchip/xc8/v2.35/pic/sources/c99/common/strlen.c
		_strlen        		CODE           	346C	0000	58

/Applications/microchip/xc8/v2.35/pic/sources/c99/common/strlen.c estimated size: 58

/Applications/microchip/xc8/v2.35/pic/sources/c99/common/memset.c
		_memset        		CODE           	1618	0000	376

/Applications/microchip/xc8/v2.35/pic/sources/c99/common/memset.c estimated size: 376

main.c
		_main          		CODE           	2DB6	0000	174

main.c estimated size: 174

mcc_generated_files/usb/usb_device.c
		_USBCtrlTrfInHandler		CODE           	27CE	0000	266
		_USBTransferOnePacket		CODE           	1FBC	0000	322
		_USBDeviceAttach		CODE           	33AA	0000	66
		_USBStdGetDscHandler		CODE           	1906	0000	372
		_USBCtrlEPAllowDataStage		CODE           	2D02	0000	180
		_USBStdFeatureReqHandler		CODE           	08D6	0000	860
		_USBCtrlEPAllowStatusStage		CODE           	28D8	0000	242
		_USBCtrlTrfSetupHandler		CODE           	2F10	0000	144
		_USBCtrlTrfOutHandler		CODE           	3028	0000	116
		_USBCtrlEPServiceComplete		CODE           	20FE	0000	322
		_USBSuspend    		CODE           	350C	0000	46
		_USBStdSetCfgHandler		CODE           	29CA	0000	234
		_USBStdGetStatusHandler		CODE           	25B4	0000	270
		_USBWakeFromSuspend		CODE           	33EC	0000	66
		_USBCtrlTrfRxService		CODE           	1E78	0000	324
		_USBCtrlTrfTxService		CODE           	24A4	0000	272
		_USBEnableEndpoint		CODE           	32D4	0000	76
		_USBConfigureEndpoint		CODE           	2E64	0000	172
		_USBDeviceInit 		CODE           	1BE0	0000	332
		_USBIncrement1msInternalTimers		CODE           	34A6	0000	52
		_USBCtrlEPService		CODE           	2C4A	0000	184
		_USBStallHandler		CODE           	31D2	0000	96
		_USBDeviceTasks		CODE           	0F16	0000	552
		_USBCheckStdRequest		CODE           	237E	0000	294

mcc_generated_files/usb/usb_device.c estimated size: 5860

